------------------------------------------------------------
TimeQuest Timing Analyzer Summary
------------------------------------------------------------

Type  : Slow 1200mV 85C Model Setup 'clk_i'
Slack : -9.294
TNS   : -7292.520

Type  : Slow 1200mV 85C Model Hold 'clk_i'
Slack : 0.303
TNS   : 0.000

Type  : Slow 1200mV 85C Model Recovery 'clk_i'
Slack : -3.341
TNS   : -2716.228

Type  : Slow 1200mV 85C Model Removal 'clk_i'
Slack : 3.132
TNS   : 0.000

Type  : Slow 1200mV 85C Model Minimum Pulse Width 'clk_i'
Slack : -3.000
TNS   : -2298.598

Type  : Slow 1200mV 0C Model Setup 'clk_i'
Slack : -8.365
TNS   : -6561.735

Type  : Slow 1200mV 0C Model Hold 'clk_i'
Slack : 0.274
TNS   : 0.000

Type  : Slow 1200mV 0C Model Recovery 'clk_i'
Slack : -2.960
TNS   : -2396.276

Type  : Slow 1200mV 0C Model Removal 'clk_i'
Slack : 2.823
TNS   : 0.000

Type  : Slow 1200mV 0C Model Minimum Pulse Width 'clk_i'
Slack : -3.000
TNS   : -2294.814

Type  : Fast 1200mV 0C Model Setup 'clk_i'
Slack : -4.068
TNS   : -2883.418

Type  : Fast 1200mV 0C Model Hold 'clk_i'
Slack : 0.130
TNS   : 0.000

Type  : Fast 1200mV 0C Model Recovery 'clk_i'
Slack : -1.879
TNS   : -1551.010

Type  : Fast 1200mV 0C Model Removal 'clk_i'
Slack : 2.299
TNS   : 0.000

Type  : Fast 1200mV 0C Model Minimum Pulse Width 'clk_i'
Slack : -3.000
TNS   : -1507.917

------------------------------------------------------------
